// Jest Snapshot v1, https://goo.gl/fbAQLP

exports[`<Item /> render and matches the snapshot 1`] = `
<ItemStyles__Item>
  <img
    alt="Cool item"
    src="dog.jpg"
  />
  <Title>
    <Link
      href={
        Object {
          "pathname": "item",
          "query": Object {
            "id": "ABC123",
          },
        }
      }
    >
      <a>
        Cool item
      </a>
    </Link>
  </Title>
  <PriceTag>
    $100
  </PriceTag>
  <p>
    Cool description
  </p>
  <div
    className="buttonList"
  >
    <Link
      href={
        Object {
          "pathname": "update",
          "query": Object {
            "id": "ABC123",
          },
        }
      }
    >
      <a>
        Edit ✏️
      </a>
    </Link>
    <AddToCart
      id="ABC123"
    />
    <DeleteItem
      id="ABC123"
    />
  </div>
</ItemStyles__Item>
`;
